// Jest Snapshot v1, https://goo.gl/fbAQLP

exports[`>>>Control: LinkAction --- Snapshot +++capturing Snapshot of LinkAction 1`] = `
<div
  className="LinkAction"
  id="LinkAction"
>
  <button
    className="btn btn-sm btn-link"
    disabled={false}
    onClick={[Function]}
    type="button"
  >
    My Filter
  </button>
</div>
`;
