// Jest Snapshot v1, https://goo.gl/fbAQLP

exports[`>>>Control: TimeMarker --- Snapshot +++capturing Snapshot of TimeMarker 1`] = `
<div
  className="TimeMarker"
  id="Time"
>
  <time
    dateTime="P20S"
    id="pos"
  >
    0:20
  </time>
  /
  <time
    dateTime="P30S"
    id="total"
  >
    0:30
  </time>
</div>
`;
