<?xml version="1.0" encoding="utf-8"?>
<tasks xmlns:xsi="http://www.w3.org/2001/XMLSchema-instance" xsi:noNamespaceSchemaLocation="tasks.xsd" version="1.0">
  <project id="TTP" name="Transcriber Test Project" guid="56b5e92a343485542880fd5eda0f0082984b01dc" lang="en" langName="English" font="" size="10" features="" direction="ltr" type="Bible" uri="/assets/bibleAvatar.png" />
</tasks>