Task with reference GEN 001:001-005 created successfully. Corresponding .mp3 Audio File GEN-001-001005.mp3 Exists in the Selected Folder.
Task with reference GEN 001:006-008 created successfully. No Corresponding Audio File Exists.
Task with reference GEN 001:009-013 created successfully. No Corresponding Audio File Exists.
Task with reference GEN 001:014-019 created successfully. No Corresponding Audio File Exists.
Task with reference GEN 001:020-023 created successfully. No Corresponding Audio File Exists.
Task with reference GEN 001:024-025 created successfully. No Corresponding Audio File Exists.
Task with reference GEN 001:026-031 created successfully. No Corresponding Audio File Exists.
Task with reference GEN 002:001-003 created successfully. No Corresponding Audio File Exists.
Task with reference GEN 002:004-006 created successfully. No Corresponding Audio File Exists.
Task with reference GEN 002:007-009 created successfully. No Corresponding Audio File Exists.
Task with reference GEN 002:010-014 created successfully. No Corresponding Audio File Exists.
Task with reference GEN 002:015-017 created successfully. No Corresponding Audio File Exists.
Task with reference GEN 002:018-025 created successfully. No Corresponding Audio File Exists.
Task with reference GEN 003:001-007 created successfully. No Corresponding Audio File Exists.
Task with reference GEN 003:008-013 created successfully. No Corresponding Audio File Exists.
Task with reference GEN 003:014-015 created successfully. No Corresponding Audio File Exists.
Task with reference GEN 003:016-016 created successfully. No Corresponding Audio File Exists.
Task with reference GEN 003:017-019 created successfully. No Corresponding Audio File Exists.
Task with reference GEN 003:020-021 created successfully. No Corresponding Audio File Exists.
Task with reference GEN 003:022-024 created successfully. No Corresponding Audio File Exists.
