Task with reference GEN 1:1-5 created successfully. Audio File GEN-001-001005.mp3 Exists in the Selected Folder.
Task with reference LUK 1:81-85 created successfully. Audio File LUK-001-081085.mp3 Exists in the Selected Folder.
